<?xml version="1.0" encoding="ISO-8859-1" ?>
<link_info>
   <banner>TI ARM Linker PC v18.12.2.LTS</banner>
   <copyright>Copyright (c) 1996-2018 Texas Instruments Incorporated</copyright>
   <link_time>0x5de6e2d9</link_time>
   <link_errors>0x0</link_errors>
   <output_file>Jogo da Velha.out</output_file>
   <entry_point>
      <name>_c_int00_noargs</name>
      <address>0x19c9</address>
   </entry_point>
   <input_file_list>
      <input_file id="fl-2">
         <path>.\</path>
         <kind>object</kind>
         <file>Nokia5110.obj</file>
         <name>Nokia5110.obj</name>
      </input_file>
      <input_file id="fl-3">
         <path>.\</path>
         <kind>object</kind>
         <file>jogo.obj</file>
         <name>jogo.obj</name>
      </input_file>
      <input_file id="fl-4">
         <path>.\</path>
         <kind>object</kind>
         <file>main.obj</file>
         <name>main.obj</name>
      </input_file>
      <input_file id="fl-5">
         <path>.\</path>
         <kind>object</kind>
         <file>tm4c123gh6pm_startup_ccs.obj</file>
         <name>tm4c123gh6pm_startup_ccs.obj</name>
      </input_file>
      <input_file id="fl-a">
         <kind>object</kind>
         <file>&lt;internal&gt;</file>
         <name>&lt;internal&gt;</name>
      </input_file>
      <input_file id="fl-b">
         <path>C:\ti\TivaWare_C_Series-2.1.4.178\driverlib\rvmdk\</path>
         <kind>archive</kind>
         <file>driverlib.lib</file>
         <name>gpio.o</name>
      </input_file>
      <input_file id="fl-c">
         <path>C:\ti\TivaWare_C_Series-2.1.4.178\driverlib\rvmdk\</path>
         <kind>archive</kind>
         <file>driverlib.lib</file>
         <name>interrupt.o</name>
      </input_file>
      <input_file id="fl-d">
         <path>C:\ti\TivaWare_C_Series-2.1.4.178\driverlib\rvmdk\</path>
         <kind>archive</kind>
         <file>driverlib.lib</file>
         <name>sysctl.o</name>
      </input_file>
      <input_file id="fl-e">
         <path>C:\ti\TivaWare_C_Series-2.1.4.178\driverlib\rvmdk\</path>
         <kind>archive</kind>
         <file>driverlib.lib</file>
         <name>cpu.o</name>
      </input_file>
      <input_file id="fl-c4">
         <path>C:\ti\ccs910\ccs\tools\compiler\ti-cgt-arm_18.12.2.LTS\lib\</path>
         <kind>archive</kind>
         <file>rtsv7M4_T_le_v4SPD16_eabi.lib</file>
         <name>memset_t2.asm.obj</name>
      </input_file>
      <input_file id="fl-c5">
         <path>C:\ti\ccs910\ccs\tools\compiler\ti-cgt-arm_18.12.2.LTS\lib\</path>
         <kind>archive</kind>
         <file>rtsv7M4_T_le_v4SPD16_eabi.lib</file>
         <name>copy_zero_init.c.obj</name>
      </input_file>
      <input_file id="fl-c6">
         <path>C:\ti\ccs910\ccs\tools\compiler\ti-cgt-arm_18.12.2.LTS\lib\</path>
         <kind>archive</kind>
         <file>rtsv7M4_T_le_v4SPD16_eabi.lib</file>
         <name>copy_decompress_none.c.obj</name>
      </input_file>
      <input_file id="fl-c7">
         <path>C:\ti\ccs910\ccs\tools\compiler\ti-cgt-arm_18.12.2.LTS\lib\</path>
         <kind>archive</kind>
         <file>rtsv7M4_T_le_v4SPD16_eabi.lib</file>
         <name>copy_decompress_lzss.c.obj</name>
      </input_file>
      <input_file id="fl-c8">
         <path>C:\ti\ccs910\ccs\tools\compiler\ti-cgt-arm_18.12.2.LTS\lib\</path>
         <kind>archive</kind>
         <file>rtsv7M4_T_le_v4SPD16_eabi.lib</file>
         <name>rand.c.obj</name>
      </input_file>
      <input_file id="fl-c9">
         <path>C:\ti\ccs910\ccs\tools\compiler\ti-cgt-arm_18.12.2.LTS\lib\</path>
         <kind>archive</kind>
         <file>rtsv7M4_T_le_v4SPD16_eabi.lib</file>
         <name>time.c.obj</name>
      </input_file>
      <input_file id="fl-ca">
         <path>C:\ti\ccs910\ccs\tools\compiler\ti-cgt-arm_18.12.2.LTS\lib\</path>
         <kind>archive</kind>
         <file>rtsv7M4_T_le_v4SPD16_eabi.lib</file>
         <name>boot_cortex_m.c.obj</name>
      </input_file>
      <input_file id="fl-cb">
         <path>C:\ti\ccs910\ccs\tools\compiler\ti-cgt-arm_18.12.2.LTS\lib\</path>
         <kind>archive</kind>
         <file>rtsv7M4_T_le_v4SPD16_eabi.lib</file>
         <name>memcpy_t2.asm.obj</name>
      </input_file>
      <input_file id="fl-cc">
         <path>C:\ti\ccs910\ccs\tools\compiler\ti-cgt-arm_18.12.2.LTS\lib\</path>
         <kind>archive</kind>
         <file>rtsv7M4_T_le_v4SPD16_eabi.lib</file>
         <name>autoinit.c.obj</name>
      </input_file>
      <input_file id="fl-cd">
         <path>C:\ti\ccs910\ccs\tools\compiler\ti-cgt-arm_18.12.2.LTS\lib\</path>
         <kind>archive</kind>
         <file>rtsv7M4_T_le_v4SPD16_eabi.lib</file>
         <name>pre_init.c.obj</name>
      </input_file>
      <input_file id="fl-ce">
         <path>C:\ti\ccs910\ccs\tools\compiler\ti-cgt-arm_18.12.2.LTS\lib\</path>
         <kind>archive</kind>
         <file>rtsv7M4_T_le_v4SPD16_eabi.lib</file>
         <name>cpy_tbl.c.obj</name>
      </input_file>
      <input_file id="fl-cf">
         <path>C:\ti\ccs910\ccs\tools\compiler\ti-cgt-arm_18.12.2.LTS\lib\</path>
         <kind>archive</kind>
         <file>rtsv7M4_T_le_v4SPD16_eabi.lib</file>
         <name>exit.c.obj</name>
      </input_file>
      <input_file id="fl-d0">
         <path>C:\ti\ccs910\ccs\tools\compiler\ti-cgt-arm_18.12.2.LTS\lib\</path>
         <kind>archive</kind>
         <file>rtsv7M4_T_le_v4SPD16_eabi.lib</file>
         <name>_lock.c.obj</name>
      </input_file>
      <input_file id="fl-d1">
         <path>C:\ti\ccs910\ccs\tools\compiler\ti-cgt-arm_18.12.2.LTS\lib\</path>
         <kind>archive</kind>
         <file>rtsv7M4_T_le_v4SPD16_eabi.lib</file>
         <name>args_main.c.obj</name>
      </input_file>
      <input_file id="fl-d2">
         <path>C:\ti\ccs910\ccs\tools\compiler\ti-cgt-arm_18.12.2.LTS\lib\</path>
         <kind>archive</kind>
         <file>rtsv7M4_T_le_v4SPD16_eabi.lib</file>
         <name>hosttime.c.obj</name>
      </input_file>
      <input_file id="fl-d3">
         <path>C:\ti\ccs910\ccs\tools\compiler\ti-cgt-arm_18.12.2.LTS\lib\</path>
         <kind>archive</kind>
         <file>rtsv7M4_T_le_v4SPD16_eabi.lib</file>
         <name>trgmsg.c.obj</name>
      </input_file>
      <input_file id="fl-d4">
         <path>C:\ti\ccs910\ccs\tools\compiler\ti-cgt-arm_18.12.2.LTS\lib\</path>
         <kind>archive</kind>
         <file>rtsv7M4_T_le_v4SPD16_eabi.lib</file>
         <name>hostopen.c.obj</name>
      </input_file>
      <input_file id="fl-d5">
         <path>C:\ti\ccs910\ccs\tools\compiler\ti-cgt-arm_18.12.2.LTS\lib\</path>
         <kind>archive</kind>
         <file>rtsv7M4_T_le_v4SPD16_eabi.lib</file>
         <name>strlen.c.obj</name>
      </input_file>
   </input_file_list>
   <object_component_list>
      <object_component id="oc-f">
         <name>.intvecs</name>
         <load_address>0x0</load_address>
         <run_address>0x0</run_address>
         <size>0x26c</size>
         <input_file_ref idref="fl-5"/>
      </object_component>
      <object_component id="oc-13e">
         <name>.text</name>
         <load_address>0x26c</load_address>
         <run_address>0x26c</run_address>
         <size>0xc3c</size>
         <input_file_ref idref="fl-2"/>
      </object_component>
      <object_component id="oc-e4">
         <name>.text</name>
         <load_address>0xea8</load_address>
         <run_address>0xea8</run_address>
         <size>0x836</size>
         <input_file_ref idref="fl-3"/>
      </object_component>
      <object_component id="oc-38">
         <name>.text</name>
         <load_address>0x16de</load_address>
         <run_address>0x16de</run_address>
         <size>0x9c</size>
         <input_file_ref idref="fl-cb"/>
      </object_component>
      <object_component id="oc-8c">
         <name>.text</name>
         <load_address>0x177a</load_address>
         <run_address>0x177a</run_address>
         <size>0x7a</size>
         <input_file_ref idref="fl-c4"/>
      </object_component>
      <object_component id="oc-98">
         <name>.text</name>
         <load_address>0x17f4</load_address>
         <run_address>0x17f4</run_address>
         <size>0x74</size>
         <input_file_ref idref="fl-4"/>
      </object_component>
      <object_component id="oc-12">
         <name>.text:decompress:lzss:__TI_decompress_lzss</name>
         <load_address>0x1868</load_address>
         <run_address>0x1868</run_address>
         <size>0x68</size>
         <input_file_ref idref="fl-c7"/>
      </object_component>
      <object_component id="oc-1ad">
         <name>.text:HOSTtime</name>
         <load_address>0x18d0</load_address>
         <run_address>0x18d0</run_address>
         <size>0x48</size>
         <input_file_ref idref="fl-d2"/>
      </object_component>
      <object_component id="oc-f7">
         <name>.text:__TI_auto_init_nobinit_nopinit:__TI_auto_init_nobinit_nopinit</name>
         <load_address>0x1918</load_address>
         <run_address>0x1918</run_address>
         <size>0x44</size>
         <input_file_ref idref="fl-cc"/>
      </object_component>
      <object_component id="oc-1f9">
         <name>.text:__TI_writemsg</name>
         <load_address>0x195c</load_address>
         <run_address>0x195c</run_address>
         <size>0x38</size>
         <input_file_ref idref="fl-d3"/>
      </object_component>
      <object_component id="oc-1ff">
         <name>.text:__TI_readmsg</name>
         <load_address>0x1994</load_address>
         <run_address>0x1994</run_address>
         <size>0x34</size>
         <input_file_ref idref="fl-d3"/>
      </object_component>
      <object_component id="oc-56">
         <name>.text:_c_int00_noargs:_c_int00_noargs</name>
         <load_address>0x19c8</load_address>
         <run_address>0x19c8</run_address>
         <size>0x34</size>
         <input_file_ref idref="fl-ca"/>
      </object_component>
      <object_component id="oc-15e">
         <name>.text:rand</name>
         <load_address>0x19fc</load_address>
         <run_address>0x19fc</run_address>
         <size>0x34</size>
         <input_file_ref idref="fl-c8"/>
      </object_component>
      <object_component id="oc-153">
         <name>.text:srand</name>
         <load_address>0x1a30</load_address>
         <run_address>0x1a30</run_address>
         <size>0x24</size>
         <input_file_ref idref="fl-c8"/>
      </object_component>
      <object_component id="oc-44">
         <name>.text:decompress:ZI:__TI_zero_init_nomemset:__TI_zero_init_nomemset</name>
         <load_address>0x1a54</load_address>
         <run_address>0x1a54</run_address>
         <size>0x1c</size>
         <input_file_ref idref="fl-c5"/>
      </object_component>
      <object_component id="oc-14d">
         <name>.text:__time32</name>
         <load_address>0x1a70</load_address>
         <run_address>0x1a70</run_address>
         <size>0xe</size>
         <input_file_ref idref="fl-c9"/>
      </object_component>
      <object_component id="oc-18">
         <name>.text:decompress:none:__TI_decompress_none</name>
         <load_address>0x1a7e</load_address>
         <run_address>0x1a7e</run_address>
         <size>0xe</size>
         <input_file_ref idref="fl-c6"/>
      </object_component>
      <object_component id="oc-24">
         <name>.text</name>
         <load_address>0x1a8c</load_address>
         <run_address>0x1a8c</run_address>
         <size>0xc</size>
         <input_file_ref idref="fl-5"/>
      </object_component>
      <object_component id="oc-92">
         <name>.text:_system_pre_init</name>
         <load_address>0x1a98</load_address>
         <run_address>0x1a98</run_address>
         <size>0x4</size>
         <input_file_ref idref="fl-cd"/>
      </object_component>
      <object_component id="oc-eb">
         <name>.text:abort:abort</name>
         <load_address>0x1a9c</load_address>
         <run_address>0x1a9c</run_address>
         <size>0x4</size>
         <input_file_ref idref="fl-cf"/>
      </object_component>
      <object_component id="oc-1d2">
         <name>.text:_nop</name>
         <load_address>0x1aa0</load_address>
         <run_address>0x1aa0</run_address>
         <size>0x2</size>
         <input_file_ref idref="fl-d0"/>
      </object_component>
      <object_component id="oc-288">
         <name>.tramp.GPIOPinWrite.1</name>
         <load_address>0x1aa4</load_address>
         <run_address>0x1aa4</run_address>
         <size>0x8</size>
         <input_file_ref idref="fl-b"/>
      </object_component>
      <object_component id="oc-287">
         <name>.tramp.SysCtlDelay.1</name>
         <load_address>0x1aac</load_address>
         <run_address>0x1aac</run_address>
         <size>0x8</size>
         <input_file_ref idref="fl-d"/>
      </object_component>
      <object_component id="oc-286">
         <name>.tramp.GPIOPinRead.1</name>
         <load_address>0x1ab4</load_address>
         <run_address>0x1ab4</run_address>
         <size>0x8</size>
         <input_file_ref idref="fl-b"/>
      </object_component>
      <object_component id="oc-285">
         <name>.tramp.GPIOPinTypeGPIOOutput.1</name>
         <load_address>0x1abc</load_address>
         <run_address>0x1abc</run_address>
         <size>0x8</size>
         <input_file_ref idref="fl-b"/>
      </object_component>
      <object_component id="oc-284">
         <name>.tramp.GPIOIntEnable.1</name>
         <load_address>0x1ac4</load_address>
         <run_address>0x1ac4</run_address>
         <size>0x8</size>
         <input_file_ref idref="fl-b"/>
      </object_component>
      <object_component id="oc-283">
         <name>.tramp.GPIOIntTypeSet.1</name>
         <load_address>0x1acc</load_address>
         <run_address>0x1acc</run_address>
         <size>0x8</size>
         <input_file_ref idref="fl-b"/>
      </object_component>
      <object_component id="oc-282">
         <name>.tramp.GPIOPadConfigSet.1</name>
         <load_address>0x1ad4</load_address>
         <run_address>0x1ad4</run_address>
         <size>0x8</size>
         <input_file_ref idref="fl-b"/>
      </object_component>
      <object_component id="oc-281">
         <name>.tramp.GPIOPinTypeGPIOInput.1</name>
         <load_address>0x1adc</load_address>
         <run_address>0x1adc</run_address>
         <size>0x8</size>
         <input_file_ref idref="fl-b"/>
      </object_component>
      <object_component id="oc-280">
         <name>.tramp.SysCtlPeripheralEnable.1</name>
         <load_address>0x1ae4</load_address>
         <run_address>0x1ae4</run_address>
         <size>0x8</size>
         <input_file_ref idref="fl-d"/>
      </object_component>
      <object_component id="oc-27f">
         <name>.tramp.SysCtlClockSet.1</name>
         <load_address>0x1aec</load_address>
         <run_address>0x1aec</run_address>
         <size>0x8</size>
         <input_file_ref idref="fl-d"/>
      </object_component>
      <object_component id="oc-144">
         <name>.const:.string:bem_vindo</name>
         <load_address>0x1af4</load_address>
         <run_address>0x1af4</run_address>
         <size>0x1f8</size>
         <input_file_ref idref="fl-3"/>
      </object_component>
      <object_component id="oc-147">
         <name>.const:.string:jogo_velha</name>
         <load_address>0x1cec</load_address>
         <run_address>0x1cec</run_address>
         <size>0x1f8</size>
         <input_file_ref idref="fl-3"/>
      </object_component>
      <object_component id="oc-14a">
         <name>.const:.string:select</name>
         <load_address>0x1ee4</load_address>
         <run_address>0x1ee4</run_address>
         <size>0x1f8</size>
         <input_file_ref idref="fl-3"/>
      </object_component>
      <object_component id="oc-164">
         <name>.const:.string:tabuleiro</name>
         <load_address>0x20dc</load_address>
         <run_address>0x20dc</run_address>
         <size>0x1f8</size>
         <input_file_ref idref="fl-3"/>
      </object_component>
      <object_component id="oc-194">
         <name>.const:ASCII</name>
         <load_address>0x22d4</load_address>
         <run_address>0x22d4</run_address>
         <size>0x1e5</size>
         <input_file_ref idref="fl-2"/>
      </object_component>
      <object_component id="oc-19e">
         <name>.const:MIX_SIMBOLS</name>
         <load_address>0x24b9</load_address>
         <run_address>0x24b9</run_address>
         <size>0xc</size>
         <input_file_ref idref="fl-2"/>
      </object_component>
      <object_component id="oc-198">
         <name>.const:.string:Masks</name>
         <load_address>0x24c5</load_address>
         <run_address>0x24c5</run_address>
         <size>0x8</size>
         <input_file_ref idref="fl-2"/>
      </object_component>
      <object_component id="oc-19b">
         <name>.const:SPECIAL_SIMBOLS</name>
         <load_address>0x24cd</load_address>
         <run_address>0x24cd</run_address>
         <size>0x5</size>
         <input_file_ref idref="fl-2"/>
      </object_component>
      <object_component id="oc-27c">
         <name>.cinit..data.load</name>
         <load_address>0x2830</load_address>
         <run_address>0x2830</run_address>
         <size>0xf</size>
      </object_component>
      <object_component id="oc-27a">
         <name>__TI_handler_table</name>
         <load_address>0x2840</load_address>
         <run_address>0x2840</run_address>
         <size>0xc</size>
      </object_component>
      <object_component id="oc-27d">
         <name>.cinit..bss.load</name>
         <load_address>0x2850</load_address>
         <run_address>0x2850</run_address>
         <size>0x8</size>
      </object_component>
      <object_component id="oc-27b">
         <name>__TI_cinit_table</name>
         <load_address>0x2858</load_address>
         <run_address>0x2858</run_address>
         <size>0x10</size>
      </object_component>
      <object_component id="oc-1ba">
         <name>.data</name>
         <load_address>0x20000528</load_address>
         <run_address>0x20000528</run_address>
         <size>0x4</size>
         <input_file_ref idref="fl-c8"/>
      </object_component>
      <object_component id="oc-172">
         <name>.data:$O1$$</name>
         <load_address>0x20000520</load_address>
         <run_address>0x20000520</run_address>
         <size>0x8</size>
         <input_file_ref idref="fl-d0"/>
      </object_component>
      <object_component id="oc-228">
         <name>.bss:_CIOBUF_</name>
         <uninitialized>true</uninitialized>
         <run_address>0x200001f8</run_address>
         <size>0x120</size>
         <input_file_ref idref="fl-d3"/>
      </object_component>
      <object_component id="oc-197">
         <name>.common:Screen</name>
         <uninitialized>true</uninitialized>
         <run_address>0x20000000</run_address>
         <size>0x1f8</size>
      </object_component>
      <object_component id="oc-205">
         <name>.common:parmbuf</name>
         <uninitialized>true</uninitialized>
         <run_address>0x20000318</run_address>
         <size>0x8</size>
      </object_component>
      <object_component id="oc-21">
         <name>.stack</name>
         <uninitialized>true</uninitialized>
         <run_address>0x20000320</run_address>
         <size>0x4</size>
         <input_file_ref idref="fl-ca"/>
      </object_component>
      <object_component id="oc-27e">
         <name>.stack</name>
         <uninitialized>true</uninitialized>
         <run_address>0x20000320</run_address>
         <size>0x0</size>
      </object_component>
      <object_component id="oc-af">
         <name>.debug_info</name>
         <load_address>0x0</load_address>
         <run_address>0x0</run_address>
         <size>0x30b</size>
         <input_file_ref idref="fl-2"/>
      </object_component>
      <object_component id="oc-199">
         <name>.debug_info</name>
         <load_address>0x30b</load_address>
         <run_address>0x30b</run_address>
         <size>0xd7</size>
         <input_file_ref idref="fl-2"/>
      </object_component>
      <object_component id="oc-195">
         <name>.debug_info</name>
         <load_address>0x3e2</load_address>
         <run_address>0x3e2</run_address>
         <size>0xd6</size>
         <input_file_ref idref="fl-2"/>
      </object_component>
      <object_component id="oc-19c">
         <name>.debug_info</name>
         <load_address>0x4b8</load_address>
         <run_address>0x4b8</run_address>
         <size>0xea</size>
         <input_file_ref idref="fl-2"/>
      </object_component>
      <object_component id="oc-19f">
         <name>.debug_info</name>
         <load_address>0x5a2</load_address>
         <run_address>0x5a2</run_address>
         <size>0xe2</size>
         <input_file_ref idref="fl-2"/>
      </object_component>
      <object_component id="oc-140">
         <name>.debug_info</name>
         <load_address>0x684</load_address>
         <run_address>0x684</run_address>
         <size>0x1679</size>
         <input_file_ref idref="fl-2"/>
      </object_component>
      <object_component id="oc-6d">
         <name>.debug_info</name>
         <load_address>0x1cfd</load_address>
         <run_address>0x1cfd</run_address>
         <size>0x26b</size>
         <input_file_ref idref="fl-2"/>
      </object_component>
      <object_component id="oc-33">
         <name>.debug_info</name>
         <load_address>0x1f68</load_address>
         <run_address>0x1f68</run_address>
         <size>0x84</size>
         <input_file_ref idref="fl-2"/>
      </object_component>
      <object_component id="oc-aa">
         <name>.debug_info</name>
         <load_address>0x1fec</load_address>
         <run_address>0x1fec</run_address>
         <size>0x297</size>
         <input_file_ref idref="fl-2"/>
      </object_component>
      <object_component id="oc-72">
         <name>.debug_info</name>
         <load_address>0x2283</load_address>
         <run_address>0x2283</run_address>
         <size>0xbb</size>
         <input_file_ref idref="fl-2"/>
      </object_component>
      <object_component id="oc-1a2">
         <name>.debug_info</name>
         <load_address>0x233e</load_address>
         <run_address>0x233e</run_address>
         <size>0x3f</size>
         <input_file_ref idref="fl-2"/>
      </object_component>
      <object_component id="oc-16d">
         <name>.debug_info</name>
         <load_address>0x237d</load_address>
         <run_address>0x237d</run_address>
         <size>0x6a7</size>
         <input_file_ref idref="fl-3"/>
      </object_component>
      <object_component id="oc-148">
         <name>.debug_info</name>
         <load_address>0x2a24</load_address>
         <run_address>0x2a24</run_address>
         <size>0xdc</size>
         <input_file_ref idref="fl-3"/>
      </object_component>
      <object_component id="oc-145">
         <name>.debug_info</name>
         <load_address>0x2b00</load_address>
         <run_address>0x2b00</run_address>
         <size>0xda</size>
         <input_file_ref idref="fl-3"/>
      </object_component>
      <object_component id="oc-14b">
         <name>.debug_info</name>
         <load_address>0x2bda</load_address>
         <run_address>0x2bda</run_address>
         <size>0xd4</size>
         <input_file_ref idref="fl-3"/>
      </object_component>
      <object_component id="oc-165">
         <name>.debug_info</name>
         <load_address>0x2cae</load_address>
         <run_address>0x2cae</run_address>
         <size>0xda</size>
         <input_file_ref idref="fl-3"/>
      </object_component>
      <object_component id="oc-e6">
         <name>.debug_info</name>
         <load_address>0x2d88</load_address>
         <run_address>0x2d88</run_address>
         <size>0xeb8</size>
         <input_file_ref idref="fl-3"/>
      </object_component>
      <object_component id="oc-1c6">
         <name>.debug_info</name>
         <load_address>0x3c40</load_address>
         <run_address>0x3c40</run_address>
         <size>0x196</size>
         <input_file_ref idref="fl-3"/>
      </object_component>
      <object_component id="oc-1cb">
         <name>.debug_info</name>
         <load_address>0x3dd6</load_address>
         <run_address>0x3dd6</run_address>
         <size>0x35</size>
         <input_file_ref idref="fl-3"/>
      </object_component>
      <object_component id="oc-9a">
         <name>.debug_info</name>
         <load_address>0x3e0b</load_address>
         <run_address>0x3e0b</run_address>
         <size>0x1cc</size>
         <input_file_ref idref="fl-4"/>
      </object_component>
      <object_component id="oc-b8">
         <name>.debug_info</name>
         <load_address>0x3fd7</load_address>
         <run_address>0x3fd7</run_address>
         <size>0x2c</size>
         <input_file_ref idref="fl-4"/>
      </object_component>
      <object_component id="oc-2c">
         <name>.debug_info</name>
         <load_address>0x4003</load_address>
         <run_address>0x4003</run_address>
         <size>0x2b5</size>
         <input_file_ref idref="fl-5"/>
      </object_component>
      <object_component id="oc-10">
         <name>.debug_info</name>
         <load_address>0x42b8</load_address>
         <run_address>0x42b8</run_address>
         <size>0xf4</size>
         <input_file_ref idref="fl-5"/>
      </object_component>
      <object_component id="oc-26">
         <name>.debug_info</name>
         <load_address>0x43ac</load_address>
         <run_address>0x43ac</run_address>
         <size>0x270</size>
         <input_file_ref idref="fl-5"/>
      </object_component>
      <object_component id="oc-137">
         <name>.debug_info</name>
         <load_address>0x461c</load_address>
         <run_address>0x461c</run_address>
         <size>0xdc</size>
         <input_file_ref idref="fl-b"/>
      </object_component>
      <object_component id="oc-d7">
         <name>.debug_info</name>
         <load_address>0x46f8</load_address>
         <run_address>0x46f8</run_address>
         <size>0x10c</size>
         <input_file_ref idref="fl-b"/>
      </object_component>
      <object_component id="oc-d2">
         <name>.debug_info</name>
         <load_address>0x4804</load_address>
         <run_address>0x4804</run_address>
         <size>0x130</size>
         <input_file_ref idref="fl-b"/>
      </object_component>
      <object_component id="oc-dc">
         <name>.debug_info</name>
         <load_address>0x4934</load_address>
         <run_address>0x4934</run_address>
         <size>0xfc</size>
         <input_file_ref idref="fl-b"/>
      </object_component>
      <object_component id="oc-15b">
         <name>.debug_info</name>
         <load_address>0x4a30</load_address>
         <run_address>0x4a30</run_address>
         <size>0x10c</size>
         <input_file_ref idref="fl-b"/>
      </object_component>
      <object_component id="oc-169">
         <name>.debug_info</name>
         <load_address>0x4b3c</load_address>
         <run_address>0x4b3c</run_address>
         <size>0x104</size>
         <input_file_ref idref="fl-b"/>
      </object_component>
      <object_component id="oc-cd">
         <name>.debug_info</name>
         <load_address>0x4c40</load_address>
         <run_address>0x4c40</run_address>
         <size>0xfc</size>
         <input_file_ref idref="fl-b"/>
      </object_component>
      <object_component id="oc-e1">
         <name>.debug_info</name>
         <load_address>0x4d3c</load_address>
         <run_address>0x4d3c</run_address>
         <size>0x100</size>
         <input_file_ref idref="fl-b"/>
      </object_component>
      <object_component id="oc-131">
         <name>.debug_info</name>
         <load_address>0x4e3c</load_address>
         <run_address>0x4e3c</run_address>
         <size>0x300</size>
         <input_file_ref idref="fl-b"/>
      </object_component>
      <object_component id="oc-18f">
         <name>.debug_info</name>
         <load_address>0x513c</load_address>
         <run_address>0x513c</run_address>
         <size>0x204</size>
         <input_file_ref idref="fl-b"/>
      </object_component>
      <object_component id="oc-12e">
         <name>.debug_info</name>
         <load_address>0x5340</load_address>
         <run_address>0x5340</run_address>
         <size>0xcc</size>
         <input_file_ref idref="fl-d"/>
      </object_component>
      <object_component id="oc-c9">
         <name>.debug_info</name>
         <load_address>0x540c</load_address>
         <run_address>0x540c</run_address>
         <size>0xf8</size>
         <input_file_ref idref="fl-d"/>
      </object_component>
      <object_component id="oc-c3">
         <name>.debug_info</name>
         <load_address>0x5504</load_address>
         <run_address>0x5504</run_address>
         <size>0x118</size>
         <input_file_ref idref="fl-d"/>
      </object_component>
      <object_component id="oc-8e">
         <name>.debug_info</name>
         <load_address>0x561c</load_address>
         <run_address>0x561c</run_address>
         <size>0x148</size>
         <input_file_ref idref="fl-c4"/>
      </object_component>
      <object_component id="oc-8b">
         <name>.debug_info</name>
         <load_address>0x5764</load_address>
         <run_address>0x5764</run_address>
         <size>0x2d5</size>
         <input_file_ref idref="fl-c5"/>
      </object_component>
      <object_component id="oc-46">
         <name>.debug_info</name>
         <load_address>0x5a39</load_address>
         <run_address>0x5a39</run_address>
         <size>0x1d3</size>
         <input_file_ref idref="fl-c5"/>
      </object_component>
      <object_component id="oc-86">
         <name>.debug_info</name>
         <load_address>0x5c0c</load_address>
         <run_address>0x5c0c</run_address>
         <size>0x46</size>
         <input_file_ref idref="fl-c5"/>
      </object_component>
      <object_component id="oc-43">
         <name>.debug_info</name>
         <load_address>0x5c52</load_address>
         <run_address>0x5c52</run_address>
         <size>0x2a9</size>
         <input_file_ref idref="fl-c6"/>
      </object_component>
      <object_component id="oc-19">
         <name>.debug_info</name>
         <load_address>0x5efb</load_address>
         <run_address>0x5efb</run_address>
         <size>0x1eb</size>
         <input_file_ref idref="fl-c6"/>
      </object_component>
      <object_component id="oc-3e">
         <name>.debug_info</name>
         <load_address>0x60e6</load_address>
         <run_address>0x60e6</run_address>
         <size>0x46</size>
         <input_file_ref idref="fl-c6"/>
      </object_component>
      <object_component id="oc-7e">
         <name>.debug_info</name>
         <load_address>0x612c</load_address>
         <run_address>0x612c</run_address>
         <size>0x2c</size>
         <input_file_ref idref="fl-c6"/>
      </object_component>
      <object_component id="oc-7c">
         <name>.debug_info</name>
         <load_address>0x6158</load_address>
         <run_address>0x6158</run_address>
         <size>0x29f</size>
         <input_file_ref idref="fl-c7"/>
      </object_component>
      <object_component id="oc-13">
         <name>.debug_info</name>
         <load_address>0x63f7</load_address>
         <run_address>0x63f7</run_address>
         <size>0x251</size>
         <input_file_ref idref="fl-c7"/>
      </object_component>
      <object_component id="oc-2e">
         <name>.debug_info</name>
         <load_address>0x6648</load_address>
         <run_address>0x6648</run_address>
         <size>0x60</size>
         <input_file_ref idref="fl-c7"/>
      </object_component>
      <object_component id="oc-b1">
         <name>.debug_info</name>
         <load_address>0x66a8</load_address>
         <run_address>0x66a8</run_address>
         <size>0x46</size>
         <input_file_ref idref="fl-c7"/>
      </object_component>
      <object_component id="oc-77">
         <name>.debug_info</name>
         <load_address>0x66ee</load_address>
         <run_address>0x66ee</run_address>
         <size>0x39</size>
         <input_file_ref idref="fl-c7"/>
      </object_component>
      <object_component id="oc-1be">
         <name>.debug_info</name>
         <load_address>0x6727</load_address>
         <run_address>0x6727</run_address>
         <size>0x2bb</size>
         <input_file_ref idref="fl-c8"/>
      </object_component>
      <object_component id="oc-1bb">
         <name>.debug_info</name>
         <load_address>0x69e2</load_address>
         <run_address>0x69e2</run_address>
         <size>0xfc</size>
         <input_file_ref idref="fl-c8"/>
      </object_component>
      <object_component id="oc-154">
         <name>.debug_info</name>
         <load_address>0x6ade</load_address>
         <run_address>0x6ade</run_address>
         <size>0x15e</size>
         <input_file_ref idref="fl-c8"/>
      </object_component>
      <object_component id="oc-162">
         <name>.debug_info</name>
         <load_address>0x6c3c</load_address>
         <run_address>0x6c3c</run_address>
         <size>0x13e</size>
         <input_file_ref idref="fl-c8"/>
      </object_component>
      <object_component id="oc-1b9">
         <name>.debug_info</name>
         <load_address>0x6d7a</load_address>
         <run_address>0x6d7a</run_address>
         <size>0x2a5</size>
         <input_file_ref idref="fl-c9"/>
      </object_component>
      <object_component id="oc-14e">
         <name>.debug_info</name>
         <load_address>0x701f</load_address>
         <run_address>0x701f</run_address>
         <size>0x182</size>
         <input_file_ref idref="fl-c9"/>
      </object_component>
      <object_component id="oc-20e">
         <name>.debug_info</name>
         <load_address>0x71a1</load_address>
         <run_address>0x71a1</run_address>
         <size>0x39</size>
         <input_file_ref idref="fl-c9"/>
      </object_component>
      <object_component id="oc-1b4">
         <name>.debug_info</name>
         <load_address>0x71da</load_address>
         <run_address>0x71da</run_address>
         <size>0x39</size>
         <input_file_ref idref="fl-c9"/>
      </object_component>
      <object_component id="oc-22">
         <name>.debug_info</name>
         <load_address>0x7213</load_address>
         <run_address>0x7213</run_address>
         <size>0x10c</size>
         <input_file_ref idref="fl-ca"/>
      </object_component>
      <object_component id="oc-58">
         <name>.debug_info</name>
         <load_address>0x731f</load_address>
         <run_address>0x731f</run_address>
         <size>0x1aa</size>
         <input_file_ref idref="fl-ca"/>
      </object_component>
      <object_component id="oc-39">
         <name>.debug_info</name>
         <load_address>0x74c9</load_address>
         <run_address>0x74c9</run_address>
         <size>0x11a</size>
         <input_file_ref idref="fl-cb"/>
      </object_component>
      <object_component id="oc-179">
         <name>.debug_info</name>
         <load_address>0x75e3</load_address>
         <run_address>0x75e3</run_address>
         <size>0x4b4</size>
         <input_file_ref idref="fl-cc"/>
      </object_component>
      <object_component id="oc-f8">
         <name>.debug_info</name>
         <load_address>0x7a97</load_address>
         <run_address>0x7a97</run_address>
         <size>0x1a7</size>
         <input_file_ref idref="fl-cc"/>
      </object_component>
      <object_component id="oc-1e0">
         <name>.debug_info</name>
         <load_address>0x7c3e</load_address>
         <run_address>0x7c3e</run_address>
         <size>0x39</size>
         <input_file_ref idref="fl-cc"/>
      </object_component>
      <object_component id="oc-21c">
         <name>.debug_info</name>
         <load_address>0x7c77</load_address>
         <run_address>0x7c77</run_address>
         <size>0x39</size>
         <input_file_ref idref="fl-cc"/>
      </object_component>
      <object_component id="oc-1e5">
         <name>.debug_info</name>
         <load_address>0x7cb0</load_address>
         <run_address>0x7cb0</run_address>
         <size>0x39</size>
         <input_file_ref idref="fl-cc"/>
      </object_component>
      <object_component id="oc-1ea">
         <name>.debug_info</name>
         <load_address>0x7ce9</load_address>
         <run_address>0x7ce9</run_address>
         <size>0xcd</size>
         <input_file_ref idref="fl-cc"/>
      </object_component>
      <object_component id="oc-94">
         <name>.debug_info</name>
         <load_address>0x7db6</load_address>
         <run_address>0x7db6</run_address>
         <size>0x154</size>
         <input_file_ref idref="fl-cd"/>
      </object_component>
      <object_component id="oc-ed">
         <name>.debug_info</name>
         <load_address>0x7f0a</load_address>
         <run_address>0x7f0a</run_address>
         <size>0x123</size>
         <input_file_ref idref="fl-cf"/>
      </object_component>
      <object_component id="oc-1da">
         <name>.debug_info</name>
         <load_address>0x802d</load_address>
         <run_address>0x802d</run_address>
         <size>0x2ca</size>
         <input_file_ref idref="fl-d0"/>
      </object_component>
      <object_component id="oc-173">
         <name>.debug_info</name>
         <load_address>0x82f7</load_address>
         <run_address>0x82f7</run_address>
         <size>0x11f</size>
         <input_file_ref idref="fl-d0"/>
      </object_component>
      <object_component id="oc-1d5">
         <name>.debug_info</name>
         <load_address>0x8416</load_address>
         <run_address>0x8416</run_address>
         <size>0x12f</size>
         <input_file_ref idref="fl-d0"/>
      </object_component>
      <object_component id="oc-1ae">
         <name>.debug_info</name>
         <load_address>0x8545</load_address>
         <run_address>0x8545</run_address>
         <size>0x18e</size>
         <input_file_ref idref="fl-d2"/>
      </object_component>
      <object_component id="oc-230">
         <name>.debug_info</name>
         <load_address>0x86d3</load_address>
         <run_address>0x86d3</run_address>
         <size>0x46</size>
         <input_file_ref idref="fl-d2"/>
      </object_component>
      <object_component id="oc-209">
         <name>.debug_info</name>
         <load_address>0x8719</load_address>
         <run_address>0x8719</run_address>
         <size>0x39</size>
         <input_file_ref idref="fl-d2"/>
      </object_component>
      <object_component id="oc-22c">
         <name>.debug_info</name>
         <load_address>0x8752</load_address>
         <run_address>0x8752</run_address>
         <size>0x2bc</size>
         <input_file_ref idref="fl-d3"/>
      </object_component>
      <object_component id="oc-229">
         <name>.debug_info</name>
         <load_address>0x8a0e</load_address>
         <run_address>0x8a0e</run_address>
         <size>0x109</size>
         <input_file_ref idref="fl-d3"/>
      </object_component>
      <object_component id="oc-1fa">
         <name>.debug_info</name>
         <load_address>0x8b17</load_address>
         <run_address>0x8b17</run_address>
         <size>0x1e0</size>
         <input_file_ref idref="fl-d3"/>
      </object_component>
      <object_component id="oc-200">
         <name>.debug_info</name>
         <load_address>0x8cf7</load_address>
         <run_address>0x8cf7</run_address>
         <size>0x19b</size>
         <input_file_ref idref="fl-d3"/>
      </object_component>
      <object_component id="oc-206">
         <name>.debug_info</name>
         <load_address>0x8e92</load_address>
         <run_address>0x8e92</run_address>
         <size>0x3a4</size>
         <input_file_ref idref="fl-d4"/>
      </object_component>
      <object_component id="oc-28a">
         <name>.debug_info</name>
         <load_address>0x9236</load_address>
         <run_address>0x9236</run_address>
         <size>0x3aa</size>
      </object_component>
      <object_component id="oc-12a">
         <name>.debug_line</name>
         <load_address>0x0</load_address>
         <run_address>0x0</run_address>
         <size>0x32</size>
         <input_file_ref idref="fl-2"/>
      </object_component>
      <object_component id="oc-1f4">
         <name>.debug_line</name>
         <load_address>0x32</load_address>
         <run_address>0x32</run_address>
         <size>0x32</size>
         <input_file_ref idref="fl-2"/>
      </object_component>
      <object_component id="oc-1f2">
         <name>.debug_line</name>
         <load_address>0x64</load_address>
         <run_address>0x64</run_address>
         <size>0x32</size>
         <input_file_ref idref="fl-2"/>
      </object_component>
      <object_component id="oc-1f6">
         <name>.debug_line</name>
         <load_address>0x96</load_address>
         <run_address>0x96</run_address>
         <size>0x32</size>
         <input_file_ref idref="fl-2"/>
      </object_component>
      <object_component id="oc-1f8">
         <name>.debug_line</name>
         <load_address>0xc8</load_address>
         <run_address>0xc8</run_address>
         <size>0x32</size>
         <input_file_ref idref="fl-2"/>
      </object_component>
      <object_component id="oc-143">
         <name>.debug_line</name>
         <load_address>0xfa</load_address>
         <run_address>0xfa</run_address>
         <size>0x5c1</size>
         <input_file_ref idref="fl-2"/>
      </object_component>
      <object_component id="oc-70">
         <name>.debug_line</name>
         <load_address>0x6bb</load_address>
         <run_address>0x6bb</run_address>
         <size>0x6f</size>
         <input_file_ref idref="fl-2"/>
      </object_component>
      <object_component id="oc-36">
         <name>.debug_line</name>
         <load_address>0x72a</load_address>
         <run_address>0x72a</run_address>
         <size>0x20</size>
         <input_file_ref idref="fl-2"/>
      </object_component>
      <object_component id="oc-ad">
         <name>.debug_line</name>
         <load_address>0x74a</load_address>
         <run_address>0x74a</run_address>
         <size>0x73</size>
         <input_file_ref idref="fl-2"/>
      </object_component>
      <object_component id="oc-75">
         <name>.debug_line</name>
         <load_address>0x7bd</load_address>
         <run_address>0x7bd</run_address>
         <size>0x70</size>
         <input_file_ref idref="fl-2"/>
      </object_component>
      <object_component id="oc-1a5">
         <name>.debug_line</name>
         <load_address>0x82d</load_address>
         <run_address>0x82d</run_address>
         <size>0x32</size>
         <input_file_ref idref="fl-2"/>
      </object_component>
      <object_component id="oc-1c5">
         <name>.debug_line</name>
         <load_address>0x85f</load_address>
         <run_address>0x85f</run_address>
         <size>0x134</size>
         <input_file_ref idref="fl-3"/>
      </object_component>
      <object_component id="oc-1aa">
         <name>.debug_line</name>
         <load_address>0x993</load_address>
         <run_address>0x993</run_address>
         <size>0x2f</size>
         <input_file_ref idref="fl-3"/>
      </object_component>
      <object_component id="oc-1a8">
         <name>.debug_line</name>
         <load_address>0x9c2</load_address>
         <run_address>0x9c2</run_address>
         <size>0x2f</size>
         <input_file_ref idref="fl-3"/>
      </object_component>
      <object_component id="oc-1ac">
         <name>.debug_line</name>
         <load_address>0x9f1</load_address>
         <run_address>0x9f1</run_address>
         <size>0x2f</size>
         <input_file_ref idref="fl-3"/>
      </object_component>
      <object_component id="oc-1c2">
         <name>.debug_line</name>
         <load_address>0xa20</load_address>
         <run_address>0xa20</run_address>
         <size>0x2f</size>
         <input_file_ref idref="fl-3"/>
      </object_component>
      <object_component id="oc-e9">
         <name>.debug_line</name>
         <load_address>0xa4f</load_address>
         <run_address>0xa4f</run_address>
         <size>0x4c0</size>
         <input_file_ref idref="fl-3"/>
      </object_component>
      <object_component id="oc-1c9">
         <name>.debug_line</name>
         <load_address>0xf0f</load_address>
         <run_address>0xf0f</run_address>
         <size>0x69</size>
         <input_file_ref idref="fl-3"/>
      </object_component>
      <object_component id="oc-1ce">
         <name>.debug_line</name>
         <load_address>0xf78</load_address>
         <run_address>0xf78</run_address>
         <size>0x72</size>
         <input_file_ref idref="fl-3"/>
      </object_component>
      <object_component id="oc-99">
         <name>.debug_line</name>
         <load_address>0xfea</load_address>
         <run_address>0xfea</run_address>
         <size>0x4c</size>
         <input_file_ref idref="fl-4"/>
      </object_component>
      <object_component id="oc-bb">
         <name>.debug_line</name>
         <load_address>0x1036</load_address>
         <run_address>0x1036</run_address>
         <size>0x6b</size>
         <input_file_ref idref="fl-4"/>
      </object_component>
      <object_component id="oc-6c">
         <name>.debug_line</name>
         <load_address>0x10a1</load_address>
         <run_address>0x10a1</run_address>
         <size>0x41</size>
         <input_file_ref idref="fl-5"/>
      </object_component>
      <object_component id="oc-2b">
         <name>.debug_line</name>
         <load_address>0x10e2</load_address>
         <run_address>0x10e2</run_address>
         <size>0x41</size>
         <input_file_ref idref="fl-5"/>
      </object_component>
      <object_component id="oc-29">
         <name>.debug_line</name>
         <load_address>0x1123</load_address>
         <run_address>0x1123</run_address>
         <size>0xa1</size>
         <input_file_ref idref="fl-5"/>
      </object_component>
      <object_component id="oc-136">
         <name>.debug_line</name>
         <load_address>0x11c4</load_address>
         <run_address>0x11c4</run_address>
         <size>0x64</size>
         <input_file_ref idref="fl-b"/>
      </object_component>
      <object_component id="oc-d6">
         <name>.debug_line</name>
         <load_address>0x1228</load_address>
         <run_address>0x1228</run_address>
         <size>0x90</size>
         <input_file_ref idref="fl-b"/>
      </object_component>
      <object_component id="oc-d1">
         <name>.debug_line</name>
         <load_address>0x12b8</load_address>
         <run_address>0x12b8</run_address>
         <size>0x168</size>
         <input_file_ref idref="fl-b"/>
      </object_component>
      <object_component id="oc-db">
         <name>.debug_line</name>
         <load_address>0x1420</load_address>
         <run_address>0x1420</run_address>
         <size>0x40</size>
         <input_file_ref idref="fl-b"/>
      </object_component>
      <object_component id="oc-15a">
         <name>.debug_line</name>
         <load_address>0x1460</load_address>
         <run_address>0x1460</run_address>
         <size>0x40</size>
         <input_file_ref idref="fl-b"/>
      </object_component>
      <object_component id="oc-168">
         <name>.debug_line</name>
         <load_address>0x14a0</load_address>
         <run_address>0x14a0</run_address>
         <size>0x40</size>
         <input_file_ref idref="fl-b"/>
      </object_component>
      <object_component id="oc-cc">
         <name>.debug_line</name>
         <load_address>0x14e0</load_address>
         <run_address>0x14e0</run_address>
         <size>0x4c</size>
         <input_file_ref idref="fl-b"/>
      </object_component>
      <object_component id="oc-e0">
         <name>.debug_line</name>
         <load_address>0x152c</load_address>
         <run_address>0x152c</run_address>
         <size>0x4c</size>
         <input_file_ref idref="fl-b"/>
      </object_component>
      <object_component id="oc-133">
         <name>.debug_line</name>
         <load_address>0x1578</load_address>
         <run_address>0x1578</run_address>
         <size>0x54</size>
         <input_file_ref idref="fl-b"/>
      </object_component>
      <object_component id="oc-192">
         <name>.debug_line</name>
         <load_address>0x15cc</load_address>
         <run_address>0x15cc</run_address>
         <size>0x108</size>
         <input_file_ref idref="fl-b"/>
      </object_component>
      <object_component id="oc-12d">
         <name>.debug_line</name>
         <load_address>0x16d4</load_address>
         <run_address>0x16d4</run_address>
         <size>0x3c</size>
         <input_file_ref idref="fl-d"/>
      </object_component>
      <object_component id="oc-c7">
         <name>.debug_line</name>
         <load_address>0x1710</load_address>
         <run_address>0x1710</run_address>
         <size>0x44</size>
         <input_file_ref idref="fl-d"/>
      </object_component>
      <object_component id="oc-c5">
         <name>.debug_line</name>
         <load_address>0x1754</load_address>
         <run_address>0x1754</run_address>
         <size>0x154</size>
         <input_file_ref idref="fl-d"/>
      </object_component>
      <object_component id="oc-8d">
         <name>.debug_line</name>
         <load_address>0x18a8</load_address>
         <run_address>0x18a8</run_address>
         <size>0x79</size>
         <input_file_ref idref="fl-c4"/>
      </object_component>
      <object_component id="oc-be">
         <name>.debug_line</name>
         <load_address>0x1921</load_address>
         <run_address>0x1921</run_address>
         <size>0x92</size>
         <input_file_ref idref="fl-c5"/>
      </object_component>
      <object_component id="oc-49">
         <name>.debug_line</name>
         <load_address>0x19b3</load_address>
         <run_address>0x19b3</run_address>
         <size>0x56</size>
         <input_file_ref idref="fl-c5"/>
      </object_component>
      <object_component id="oc-89">
         <name>.debug_line</name>
         <load_address>0x1a09</load_address>
         <run_address>0x1a09</run_address>
         <size>0x34</size>
         <input_file_ref idref="fl-c5"/>
      </object_component>
      <object_component id="oc-84">
         <name>.debug_line</name>
         <load_address>0x1a3d</load_address>
         <run_address>0x1a3d</run_address>
         <size>0x20</size>
         <input_file_ref idref="fl-c6"/>
      </object_component>
      <object_component id="oc-1c">
         <name>.debug_line</name>
         <load_address>0x1a5d</load_address>
         <run_address>0x1a5d</run_address>
         <size>0x55</size>
         <input_file_ref idref="fl-c6"/>
      </object_component>
      <object_component id="oc-41">
         <name>.debug_line</name>
         <load_address>0x1ab2</load_address>
         <run_address>0x1ab2</run_address>
         <size>0x3a</size>
         <input_file_ref idref="fl-c6"/>
      </object_component>
      <object_component id="oc-81">
         <name>.debug_line</name>
         <load_address>0x1aec</load_address>
         <run_address>0x1aec</run_address>
         <size>0x92</size>
         <input_file_ref idref="fl-c6"/>
      </object_component>
      <object_component id="oc-b7">
         <name>.debug_line</name>
         <load_address>0x1b7e</load_address>
         <run_address>0x1b7e</run_address>
         <size>0x20</size>
         <input_file_ref idref="fl-c7"/>
      </object_component>
      <object_component id="oc-17">
         <name>.debug_line</name>
         <load_address>0x1b9e</load_address>
         <run_address>0x1b9e</run_address>
         <size>0xa9</size>
         <input_file_ref idref="fl-c7"/>
      </object_component>
      <object_component id="oc-31">
         <name>.debug_line</name>
         <load_address>0x1c47</load_address>
         <run_address>0x1c47</run_address>
         <size>0x3a</size>
         <input_file_ref idref="fl-c7"/>
      </object_component>
      <object_component id="oc-b4">
         <name>.debug_line</name>
         <load_address>0x1c81</load_address>
         <run_address>0x1c81</run_address>
         <size>0x9a</size>
         <input_file_ref idref="fl-c7"/>
      </object_component>
      <object_component id="oc-7a">
         <name>.debug_line</name>
         <load_address>0x1d1b</load_address>
         <run_address>0x1d1b</run_address>
         <size>0x96</size>
         <input_file_ref idref="fl-c7"/>
      </object_component>
      <object_component id="oc-218">
         <name>.debug_line</name>
         <load_address>0x1db1</load_address>
         <run_address>0x1db1</run_address>
         <size>0x91</size>
         <input_file_ref idref="fl-c8"/>
      </object_component>
      <object_component id="oc-216">
         <name>.debug_line</name>
         <load_address>0x1e42</load_address>
         <run_address>0x1e42</run_address>
         <size>0x2a</size>
         <input_file_ref idref="fl-c8"/>
      </object_component>
      <object_component id="oc-158">
         <name>.debug_line</name>
         <load_address>0x1e6c</load_address>
         <run_address>0x1e6c</run_address>
         <size>0x44</size>
         <input_file_ref idref="fl-c8"/>
      </object_component>
      <object_component id="oc-161">
         <name>.debug_line</name>
         <load_address>0x1eb0</load_address>
         <run_address>0x1eb0</run_address>
         <size>0x45</size>
         <input_file_ref idref="fl-c8"/>
      </object_component>
      <object_component id="oc-214">
         <name>.debug_line</name>
         <load_address>0x1ef5</load_address>
         <run_address>0x1ef5</run_address>
         <size>0x2a</size>
         <input_file_ref idref="fl-c9"/>
      </object_component>
      <object_component id="oc-151">
         <name>.debug_line</name>
         <load_address>0x1f1f</load_address>
         <run_address>0x1f1f</run_address>
         <size>0x3f</size>
         <input_file_ref idref="fl-c9"/>
      </object_component>
      <object_component id="oc-211">
         <name>.debug_line</name>
         <load_address>0x1f5e</load_address>
         <run_address>0x1f5e</run_address>
         <size>0x9a</size>
         <input_file_ref idref="fl-c9"/>
      </object_component>
      <object_component id="oc-1b7">
         <name>.debug_line</name>
         <load_address>0x1ff8</load_address>
         <run_address>0x1ff8</run_address>
         <size>0x90</size>
         <input_file_ref idref="fl-c9"/>
      </object_component>
      <object_component id="oc-69">
         <name>.debug_line</name>
         <load_address>0x2088</load_address>
         <run_address>0x2088</run_address>
         <size>0x33</size>
         <input_file_ref idref="fl-ca"/>
      </object_component>
      <object_component id="oc-57">
         <name>.debug_line</name>
         <load_address>0x20bb</load_address>
         <run_address>0x20bb</run_address>
         <size>0x45</size>
         <input_file_ref idref="fl-ca"/>
      </object_component>
      <object_component id="oc-3c">
         <name>.debug_line</name>
         <load_address>0x2100</load_address>
         <run_address>0x2100</run_address>
         <size>0x88</size>
         <input_file_ref idref="fl-cb"/>
      </object_component>
      <object_component id="oc-1df">
         <name>.debug_line</name>
         <load_address>0x2188</load_address>
         <run_address>0x2188</run_address>
         <size>0xbf</size>
         <input_file_ref idref="fl-cc"/>
      </object_component>
      <object_component id="oc-fb">
         <name>.debug_line</name>
         <load_address>0x2247</load_address>
         <run_address>0x2247</run_address>
         <size>0x6f</size>
         <input_file_ref idref="fl-cc"/>
      </object_component>
      <object_component id="oc-1e3">
         <name>.debug_line</name>
         <load_address>0x22b6</load_address>
         <run_address>0x22b6</run_address>
         <size>0x2e</size>
         <input_file_ref idref="fl-cc"/>
      </object_component>
      <object_component id="oc-21f">
         <name>.debug_line</name>
         <load_address>0x22e4</load_address>
         <run_address>0x22e4</run_address>
         <size>0x9a</size>
         <input_file_ref idref="fl-cc"/>
      </object_component>
      <object_component id="oc-1e8">
         <name>.debug_line</name>
         <load_address>0x237e</load_address>
         <run_address>0x237e</run_address>
         <size>0x97</size>
         <input_file_ref idref="fl-cc"/>
      </object_component>
      <object_component id="oc-1ed">
         <name>.debug_line</name>
         <load_address>0x2415</load_address>
         <run_address>0x2415</run_address>
         <size>0x93</size>
         <input_file_ref idref="fl-cc"/>
      </object_component>
      <object_component id="oc-97">
         <name>.debug_line</name>
         <load_address>0x24a8</load_address>
         <run_address>0x24a8</run_address>
         <size>0x40</size>
         <input_file_ref idref="fl-cd"/>
      </object_component>
      <object_component id="oc-ec">
         <name>.debug_line</name>
         <load_address>0x24e8</load_address>
         <run_address>0x24e8</run_address>
         <size>0x3c</size>
         <input_file_ref idref="fl-cf"/>
      </object_component>
      <object_component id="oc-21b">
         <name>.debug_line</name>
         <load_address>0x2524</load_address>
         <run_address>0x2524</run_address>
         <size>0x20</size>
         <input_file_ref idref="fl-d0"/>
      </object_component>
      <object_component id="oc-1d9">
         <name>.debug_line</name>
         <load_address>0x2544</load_address>
         <run_address>0x2544</run_address>
         <size>0x2b</size>
         <input_file_ref idref="fl-d0"/>
      </object_component>
      <object_component id="oc-1d3">
         <name>.debug_line</name>
         <load_address>0x256f</load_address>
         <run_address>0x256f</run_address>
         <size>0x3a</size>
         <input_file_ref idref="fl-d0"/>
      </object_component>
      <object_component id="oc-1b2">
         <name>.debug_line</name>
         <load_address>0x25a9</load_address>
         <run_address>0x25a9</run_address>
         <size>0x4b</size>
         <input_file_ref idref="fl-d2"/>
      </object_component>
      <object_component id="oc-233">
         <name>.debug_line</name>
         <load_address>0x25f4</load_address>
         <run_address>0x25f4</run_address>
         <size>0x9a</size>
         <input_file_ref idref="fl-d2"/>
      </object_component>
      <object_component id="oc-20c">
         <name>.debug_line</name>
         <load_address>0x268e</load_address>
         <run_address>0x268e</run_address>
         <size>0x90</size>
         <input_file_ref idref="fl-d2"/>
      </object_component>
      <object_component id="oc-238">
         <name>.debug_line</name>
         <load_address>0x271e</load_address>
         <run_address>0x271e</run_address>
         <size>0x20</size>
         <input_file_ref idref="fl-d3"/>
      </object_component>
      <object_component id="oc-236">
         <name>.debug_line</name>
         <load_address>0x273e</load_address>
         <run_address>0x273e</run_address>
         <size>0x2c</size>
         <input_file_ref idref="fl-d3"/>
      </object_component>
      <object_component id="oc-1fd">
         <name>.debug_line</name>
         <load_address>0x276a</load_address>
         <run_address>0x276a</run_address>
         <size>0x61</size>
         <input_file_ref idref="fl-d3"/>
      </object_component>
      <object_component id="oc-203">
         <name>.debug_line</name>
         <load_address>0x27cb</load_address>
         <run_address>0x27cb</run_address>
         <size>0x65</size>
         <input_file_ref idref="fl-d3"/>
      </object_component>
      <object_component id="oc-22f">
         <name>.debug_line</name>
         <load_address>0x2830</load_address>
         <run_address>0x2830</run_address>
         <size>0x11d</size>
         <input_file_ref idref="fl-d4"/>
      </object_component>
      <object_component id="oc-13f">
         <name>.debug_frame</name>
         <load_address>0x0</load_address>
         <run_address>0x0</run_address>
         <size>0x300</size>
         <input_file_ref idref="fl-2"/>
      </object_component>
      <object_component id="oc-e5">
         <name>.debug_frame</name>
         <load_address>0x300</load_address>
         <run_address>0x300</run_address>
         <size>0x130</size>
         <input_file_ref idref="fl-3"/>
      </object_component>
      <object_component id="oc-9d">
         <name>.debug_frame</name>
         <load_address>0x430</load_address>
         <run_address>0x430</run_address>
         <size>0x58</size>
         <input_file_ref idref="fl-4"/>
      </object_component>
      <object_component id="oc-25">
         <name>.debug_frame</name>
         <load_address>0x488</load_address>
         <run_address>0x488</run_address>
         <size>0x90</size>
         <input_file_ref idref="fl-5"/>
      </object_component>
      <object_component id="oc-138">
         <name>.debug_frame</name>
         <load_address>0x9e8</load_address>
         <run_address>0x9e8</run_address>
         <size>0x74</size>
         <input_file_ref idref="fl-b"/>
      </object_component>
      <object_component id="oc-d9">
         <name>.debug_frame</name>
         <load_address>0xa5c</load_address>
         <run_address>0xa5c</run_address>
         <size>0x74</size>
         <input_file_ref idref="fl-b"/>
      </object_component>
      <object_component id="oc-d4">
         <name>.debug_frame</name>
         <load_address>0xad0</load_address>
         <run_address>0xad0</run_address>
         <size>0x90</size>
         <input_file_ref idref="fl-b"/>
      </object_component>
      <object_component id="oc-de">
         <name>.debug_frame</name>
         <load_address>0xb60</load_address>
         <run_address>0xb60</run_address>
         <size>0x74</size>
         <input_file_ref idref="fl-b"/>
      </object_component>
      <object_component id="oc-15d">
         <name>.debug_frame</name>
         <load_address>0xbd4</load_address>
         <run_address>0xbd4</run_address>
         <size>0x74</size>
         <input_file_ref idref="fl-b"/>
      </object_component>
      <object_component id="oc-16b">
         <name>.debug_frame</name>
         <load_address>0xc48</load_address>
         <run_address>0xc48</run_address>
         <size>0x74</size>
         <input_file_ref idref="fl-b"/>
      </object_component>
      <object_component id="oc-cf">
         <name>.debug_frame</name>
         <load_address>0xcbc</load_address>
         <run_address>0xcbc</run_address>
         <size>0x84</size>
         <input_file_ref idref="fl-b"/>
      </object_component>
      <object_component id="oc-e3">
         <name>.debug_frame</name>
         <load_address>0xd40</load_address>
         <run_address>0xd40</run_address>
         <size>0x84</size>
         <input_file_ref idref="fl-b"/>
      </object_component>
      <object_component id="oc-12c">
         <name>.debug_frame</name>
         <load_address>0xdc4</load_address>
         <run_address>0xdc4</run_address>
         <size>0x74</size>
         <input_file_ref idref="fl-d"/>
      </object_component>
      <object_component id="oc-c8">
         <name>.debug_frame</name>
         <load_address>0xe38</load_address>
         <run_address>0xe38</run_address>
         <size>0x74</size>
         <input_file_ref idref="fl-d"/>
      </object_component>
      <object_component id="oc-c2">
         <name>.debug_frame</name>
         <load_address>0xeac</load_address>
         <run_address>0xeac</run_address>
         <size>0x8c</size>
         <input_file_ref idref="fl-d"/>
      </object_component>
      <object_component id="oc-48">
         <name>.debug_frame</name>
         <load_address>0x518</load_address>
         <run_address>0x518</run_address>
         <size>0x54</size>
         <input_file_ref idref="fl-c5"/>
      </object_component>
      <object_component id="oc-1d">
         <name>.debug_frame</name>
         <load_address>0x56c</load_address>
         <run_address>0x56c</run_address>
         <size>0x54</size>
         <input_file_ref idref="fl-c6"/>
      </object_component>
      <object_component id="oc-16">
         <name>.debug_frame</name>
         <load_address>0x5c0</load_address>
         <run_address>0x5c0</run_address>
         <size>0x60</size>
         <input_file_ref idref="fl-c7"/>
      </object_component>
      <object_component id="oc-157">
         <name>.debug_frame</name>
         <load_address>0x620</load_address>
         <run_address>0x620</run_address>
         <size>0x58</size>
         <input_file_ref idref="fl-c8"/>
      </object_component>
      <object_component id="oc-15f">
         <name>.debug_frame</name>
         <load_address>0x678</load_address>
         <run_address>0x678</run_address>
         <size>0x58</size>
         <input_file_ref idref="fl-c8"/>
      </object_component>
      <object_component id="oc-152">
         <name>.debug_frame</name>
         <load_address>0x6d0</load_address>
         <run_address>0x6d0</run_address>
         <size>0x58</size>
         <input_file_ref idref="fl-c9"/>
      </object_component>
      <object_component id="oc-5b">
         <name>.debug_frame</name>
         <load_address>0x728</load_address>
         <run_address>0x728</run_address>
         <size>0x50</size>
         <input_file_ref idref="fl-ca"/>
      </object_component>
      <object_component id="oc-fc">
         <name>.debug_frame</name>
         <load_address>0x778</load_address>
         <run_address>0x778</run_address>
         <size>0x5c</size>
         <input_file_ref idref="fl-cc"/>
      </object_component>
      <object_component id="oc-93">
         <name>.debug_frame</name>
         <load_address>0x7d4</load_address>
         <run_address>0x7d4</run_address>
         <size>0x54</size>
         <input_file_ref idref="fl-cd"/>
      </object_component>
      <object_component id="oc-f0">
         <name>.debug_frame</name>
         <load_address>0x828</load_address>
         <run_address>0x828</run_address>
         <size>0x54</size>
         <input_file_ref idref="fl-cf"/>
      </object_component>
      <object_component id="oc-1d4">
         <name>.debug_frame</name>
         <load_address>0x87c</load_address>
         <run_address>0x87c</run_address>
         <size>0x54</size>
         <input_file_ref idref="fl-d0"/>
      </object_component>
      <object_component id="oc-1b1">
         <name>.debug_frame</name>
         <load_address>0x8d0</load_address>
         <run_address>0x8d0</run_address>
         <size>0x60</size>
         <input_file_ref idref="fl-d2"/>
      </object_component>
      <object_component id="oc-1fe">
         <name>.debug_frame</name>
         <load_address>0x930</load_address>
         <run_address>0x930</run_address>
         <size>0x5c</size>
         <input_file_ref idref="fl-d3"/>
      </object_component>
      <object_component id="oc-204">
         <name>.debug_frame</name>
         <load_address>0x98c</load_address>
         <run_address>0x98c</run_address>
         <size>0x5c</size>
         <input_file_ref idref="fl-d3"/>
      </object_component>
      <object_component id="oc-129">
         <name>.debug_abbrev</name>
         <load_address>0x0</load_address>
         <run_address>0x0</run_address>
         <size>0x89</size>
         <input_file_ref idref="fl-2"/>
      </object_component>
      <object_component id="oc-1f3">
         <name>.debug_abbrev</name>
         <load_address>0x89</load_address>
         <run_address>0x89</run_address>
         <size>0x29</size>
         <input_file_ref idref="fl-2"/>
      </object_component>
      <object_component id="oc-1f1">
         <name>.debug_abbrev</name>
         <load_address>0xb2</load_address>
         <run_address>0xb2</run_address>
         <size>0x27</size>
         <input_file_ref idref="fl-2"/>
      </object_component>
      <object_component id="oc-1f5">
         <name>.debug_abbrev</name>
         <load_address>0xd9</load_address>
         <run_address>0xd9</run_address>
         <size>0x27</size>
         <input_file_ref idref="fl-2"/>
      </object_component>
      <object_component id="oc-1f7">
         <name>.debug_abbrev</name>
         <load_address>0x100</load_address>
         <run_address>0x100</run_address>
         <size>0x27</size>
         <input_file_ref idref="fl-2"/>
      </object_component>
      <object_component id="oc-1a1">
         <name>.debug_abbrev</name>
         <load_address>0x127</load_address>
         <run_address>0x127</run_address>
         <size>0xdd</size>
         <input_file_ref idref="fl-2"/>
      </object_component>
      <object_component id="oc-6f">
         <name>.debug_abbrev</name>
         <load_address>0x204</load_address>
         <run_address>0x204</run_address>
         <size>0x69</size>
         <input_file_ref idref="fl-2"/>
      </object_component>
      <object_component id="oc-35">
         <name>.debug_abbrev</name>
         <load_address>0x26d</load_address>
         <run_address>0x26d</run_address>
         <size>0x1f</size>
         <input_file_ref idref="fl-2"/>
      </object_component>
      <object_component id="oc-ac">
         <name>.debug_abbrev</name>
         <load_address>0x28c</load_address>
         <run_address>0x28c</run_address>
         <size>0x5c</size>
         <input_file_ref idref="fl-2"/>
      </object_component>
      <object_component id="oc-74">
         <name>.debug_abbrev</name>
         <load_address>0x2e8</load_address>
         <run_address>0x2e8</run_address>
         <size>0x24</size>
         <input_file_ref idref="fl-2"/>
      </object_component>
      <object_component id="oc-1a4">
         <name>.debug_abbrev</name>
         <load_address>0x30c</load_address>
         <run_address>0x30c</run_address>
         <size>0x33</size>
         <input_file_ref idref="fl-2"/>
      </object_component>
      <object_component id="oc-1c4">
         <name>.debug_abbrev</name>
         <load_address>0x33f</load_address>
         <run_address>0x33f</run_address>
         <size>0x111</size>
         <input_file_ref idref="fl-3"/>
      </object_component>
      <object_component id="oc-1a9">
         <name>.debug_abbrev</name>
         <load_address>0x450</load_address>
         <run_address>0x450</run_address>
         <size>0x29</size>
         <input_file_ref idref="fl-3"/>
      </object_component>
      <object_component id="oc-1a7">
         <name>.debug_abbrev</name>
         <load_address>0x479</load_address>
         <run_address>0x479</run_address>
         <size>0x29</size>
         <input_file_ref idref="fl-3"/>
      </object_component>
      <object_component id="oc-1ab">
         <name>.debug_abbrev</name>
         <load_address>0x4a2</load_address>
         <run_address>0x4a2</run_address>
         <size>0x29</size>
         <input_file_ref idref="fl-3"/>
      </object_component>
      <object_component id="oc-1c1">
         <name>.debug_abbrev</name>
         <load_address>0x4cb</load_address>
         <run_address>0x4cb</run_address>
         <size>0x29</size>
         <input_file_ref idref="fl-3"/>
      </object_component>
      <object_component id="oc-16c">
         <name>.debug_abbrev</name>
         <load_address>0x4f4</load_address>
         <run_address>0x4f4</run_address>
         <size>0xdf</size>
         <input_file_ref idref="fl-3"/>
      </object_component>
      <object_component id="oc-1c8">
         <name>.debug_abbrev</name>
         <load_address>0x5d3</load_address>
         <run_address>0x5d3</run_address>
         <size>0x6b</size>
         <input_file_ref idref="fl-3"/>
      </object_component>
      <object_component id="oc-1cd">
         <name>.debug_abbrev</name>
         <load_address>0x63e</load_address>
         <run_address>0x63e</run_address>
         <size>0x33</size>
         <input_file_ref idref="fl-3"/>
      </object_component>
      <object_component id="oc-ea">
         <name>.debug_abbrev</name>
         <load_address>0x671</load_address>
         <run_address>0x671</run_address>
         <size>0x60</size>
         <input_file_ref idref="fl-4"/>
      </object_component>
      <object_component id="oc-ba">
         <name>.debug_abbrev</name>
         <load_address>0x6d1</load_address>
         <run_address>0x6d1</run_address>
         <size>0x24</size>
         <input_file_ref idref="fl-4"/>
      </object_component>
      <object_component id="oc-6b">
         <name>.debug_abbrev</name>
         <load_address>0x6f5</load_address>
         <run_address>0x6f5</run_address>
         <size>0x68</size>
         <input_file_ref idref="fl-5"/>
      </object_component>
      <object_component id="oc-2a">
         <name>.debug_abbrev</name>
         <load_address>0x75d</load_address>
         <run_address>0x75d</run_address>
         <size>0x29</size>
         <input_file_ref idref="fl-5"/>
      </object_component>
      <object_component id="oc-6a">
         <name>.debug_abbrev</name>
         <load_address>0x786</load_address>
         <run_address>0x786</run_address>
         <size>0x79</size>
         <input_file_ref idref="fl-5"/>
      </object_component>
      <object_component id="oc-12f">
         <name>.debug_abbrev</name>
         <load_address>0x7ff</load_address>
         <run_address>0x7ff</run_address>
         <size>0x5a4</size>
         <input_file_ref idref="fl-b"/>
      </object_component>
      <object_component id="oc-18e">
         <name>.debug_abbrev</name>
         <load_address>0xda3</load_address>
         <run_address>0xda3</run_address>
         <size>0x20</size>
         <input_file_ref idref="fl-d"/>
      </object_component>
      <object_component id="oc-bf">
         <name>.debug_abbrev</name>
         <load_address>0xdc3</load_address>
         <run_address>0xdc3</run_address>
         <size>0x4f</size>
         <input_file_ref idref="fl-c4"/>
      </object_component>
      <object_component id="oc-bd">
         <name>.debug_abbrev</name>
         <load_address>0xe12</load_address>
         <run_address>0xe12</run_address>
         <size>0x5d</size>
         <input_file_ref idref="fl-c5"/>
      </object_component>
      <object_component id="oc-85">
         <name>.debug_abbrev</name>
         <load_address>0xe6f</load_address>
         <run_address>0xe6f</run_address>
         <size>0x6f</size>
         <input_file_ref idref="fl-c5"/>
      </object_component>
      <object_component id="oc-88">
         <name>.debug_abbrev</name>
         <load_address>0xede</load_address>
         <run_address>0xede</run_address>
         <size>0x24</size>
         <input_file_ref idref="fl-c5"/>
      </object_component>
      <object_component id="oc-83">
         <name>.debug_abbrev</name>
         <load_address>0xf02</load_address>
         <run_address>0xf02</run_address>
         <size>0x37</size>
         <input_file_ref idref="fl-c6"/>
      </object_component>
      <object_component id="oc-3d">
         <name>.debug_abbrev</name>
         <load_address>0xf39</load_address>
         <run_address>0xf39</run_address>
         <size>0x74</size>
         <input_file_ref idref="fl-c6"/>
      </object_component>
      <object_component id="oc-40">
         <name>.debug_abbrev</name>
         <load_address>0xfad</load_address>
         <run_address>0xfad</run_address>
         <size>0x24</size>
         <input_file_ref idref="fl-c6"/>
      </object_component>
      <object_component id="oc-80">
         <name>.debug_abbrev</name>
         <load_address>0xfd1</load_address>
         <run_address>0xfd1</run_address>
         <size>0x24</size>
         <input_file_ref idref="fl-c6"/>
      </object_component>
      <object_component id="oc-b6">
         <name>.debug_abbrev</name>
         <load_address>0xff5</load_address>
         <run_address>0xff5</run_address>
         <size>0x37</size>
         <input_file_ref idref="fl-c7"/>
      </object_component>
      <object_component id="oc-2d">
         <name>.debug_abbrev</name>
         <load_address>0x102c</load_address>
         <run_address>0x102c</run_address>
         <size>0x6f</size>
         <input_file_ref idref="fl-c7"/>
      </object_component>
      <object_component id="oc-30">
         <name>.debug_abbrev</name>
         <load_address>0x109b</load_address>
         <run_address>0x109b</run_address>
         <size>0x24</size>
         <input_file_ref idref="fl-c7"/>
      </object_component>
      <object_component id="oc-b3">
         <name>.debug_abbrev</name>
         <load_address>0x10bf</load_address>
         <run_address>0x10bf</run_address>
         <size>0x35</size>
         <input_file_ref idref="fl-c7"/>
      </object_component>
      <object_component id="oc-79">
         <name>.debug_abbrev</name>
         <load_address>0x10f4</load_address>
         <run_address>0x10f4</run_address>
         <size>0x24</size>
         <input_file_ref idref="fl-c7"/>
      </object_component>
      <object_component id="oc-217">
         <name>.debug_abbrev</name>
         <load_address>0x1118</load_address>
         <run_address>0x1118</run_address>
         <size>0x4b</size>
         <input_file_ref idref="fl-c8"/>
      </object_component>
      <object_component id="oc-215">
         <name>.debug_abbrev</name>
         <load_address>0x1163</load_address>
         <run_address>0x1163</run_address>
         <size>0x27</size>
         <input_file_ref idref="fl-c8"/>
      </object_component>
      <object_component id="oc-1bd">
         <name>.debug_abbrev</name>
         <load_address>0x118a</load_address>
         <run_address>0x118a</run_address>
         <size>0x7e</size>
         <input_file_ref idref="fl-c8"/>
      </object_component>
      <object_component id="oc-1c0">
         <name>.debug_abbrev</name>
         <load_address>0x1208</load_address>
         <run_address>0x1208</run_address>
         <size>0x64</size>
         <input_file_ref idref="fl-c8"/>
      </object_component>
      <object_component id="oc-213">
         <name>.debug_abbrev</name>
         <load_address>0x126c</load_address>
         <run_address>0x126c</run_address>
         <size>0x44</size>
         <input_file_ref idref="fl-c9"/>
      </object_component>
      <object_component id="oc-1b3">
         <name>.debug_abbrev</name>
         <load_address>0x12b0</load_address>
         <run_address>0x12b0</run_address>
         <size>0x7f</size>
         <input_file_ref idref="fl-c9"/>
      </object_component>
      <object_component id="oc-210">
         <name>.debug_abbrev</name>
         <load_address>0x132f</load_address>
         <run_address>0x132f</run_address>
         <size>0x35</size>
         <input_file_ref idref="fl-c9"/>
      </object_component>
      <object_component id="oc-1b6">
         <name>.debug_abbrev</name>
         <load_address>0x1364</load_address>
         <run_address>0x1364</run_address>
         <size>0x24</size>
         <input_file_ref idref="fl-c9"/>
      </object_component>
      <object_component id="oc-68">
         <name>.debug_abbrev</name>
         <load_address>0x1388</load_address>
         <run_address>0x1388</run_address>
         <size>0x29</size>
         <input_file_ref idref="fl-ca"/>
      </object_component>
      <object_component id="oc-a1">
         <name>.debug_abbrev</name>
         <load_address>0x13b1</load_address>
         <run_address>0x13b1</run_address>
         <size>0x55</size>
         <input_file_ref idref="fl-ca"/>
      </object_component>
      <object_component id="oc-7d">
         <name>.debug_abbrev</name>
         <load_address>0x1406</load_address>
         <run_address>0x1406</run_address>
         <size>0x3e</size>
         <input_file_ref idref="fl-cb"/>
      </object_component>
      <object_component id="oc-1de">
[...]
            </trampoline_call_site>
         </caller_list>
      </far_call_trampoline>
      <far_call_trampoline>
         <callee_name>GPIOIntTypeSet</callee_name>
         <callee_addr>0x2734</callee_addr>
         <trampoline_object_component_ref idref="oc-283"/>
         <trampoline_address>0x1acc</trampoline_address>
         <caller_list>
            <trampoline_call_site>
               <caller_address>0xf82</caller_address>
               <caller_object_component_ref idref="oc-e4-ccbff2d8"/>
            </trampoline_call_site>
            <trampoline_call_site>
               <caller_address>0x1834</caller_address>
               <caller_object_component_ref idref="oc-98-ccbff2d8"/>
            </trampoline_call_site>
         </caller_list>
      </far_call_trampoline>
      <far_call_trampoline>
         <callee_name>GPIOPadConfigSet</callee_name>
         <callee_addr>0x24d2</callee_addr>
         <trampoline_object_component_ref idref="oc-282"/>
         <trampoline_address>0x1ad4</trampoline_address>
         <caller_list>
            <trampoline_call_site>
               <caller_address>0xf78</caller_address>
               <caller_object_component_ref idref="oc-e4-ccbff2d8"/>
            </trampoline_call_site>
            <trampoline_call_site>
               <caller_address>0x182a</caller_address>
               <caller_object_component_ref idref="oc-98-ccbff2d8"/>
            </trampoline_call_site>
         </caller_list>
      </far_call_trampoline>
      <far_call_trampoline>
         <callee_name>GPIOPinTypeGPIOInput</callee_name>
         <callee_addr>0x27d4</callee_addr>
         <trampoline_object_component_ref idref="oc-281"/>
         <trampoline_address>0x1adc</trampoline_address>
         <caller_list>
            <trampoline_call_site>
               <caller_address>0xf64</caller_address>
               <caller_object_component_ref idref="oc-e4-ccbff2d8"/>
            </trampoline_call_site>
            <trampoline_call_site>
               <caller_address>0xf6c</caller_address>
               <caller_object_component_ref idref="oc-e4-ccbff2d8"/>
            </trampoline_call_site>
            <trampoline_call_site>
               <caller_address>0x1816</caller_address>
               <caller_object_component_ref idref="oc-98-ccbff2d8"/>
            </trampoline_call_site>
            <trampoline_call_site>
               <caller_address>0x181e</caller_address>
               <caller_object_component_ref idref="oc-98-ccbff2d8"/>
            </trampoline_call_site>
         </caller_list>
      </far_call_trampoline>
      <far_call_trampoline>
         <callee_name>SysCtlPeripheralEnable</callee_name>
         <callee_addr>0x27ac</callee_addr>
         <trampoline_object_component_ref idref="oc-280"/>
         <trampoline_address>0x1ae4</trampoline_address>
         <caller_list>
            <trampoline_call_site>
               <caller_address>0xf4c</caller_address>
               <caller_object_component_ref idref="oc-e4-ccbff2d8"/>
            </trampoline_call_site>
            <trampoline_call_site>
               <caller_address>0x17fe</caller_address>
               <caller_object_component_ref idref="oc-98-ccbff2d8"/>
            </trampoline_call_site>
         </caller_list>
      </far_call_trampoline>
      <far_call_trampoline>
         <callee_name>SysCtlClockSet</callee_name>
         <callee_addr>0x260c</callee_addr>
         <trampoline_object_component_ref idref="oc-27f"/>
         <trampoline_address>0x1aec</trampoline_address>
         <caller_list>
            <trampoline_call_site>
               <caller_address>0xf46</caller_address>
               <caller_object_component_ref idref="oc-e4-ccbff2d8"/>
            </trampoline_call_site>
            <trampoline_call_site>
               <caller_address>0x17f8</caller_address>
               <caller_object_component_ref idref="oc-98-ccbff2d8"/>
            </trampoline_call_site>
         </caller_list>
      </far_call_trampoline>
      <far_call_trampoline>
         <callee_name>SysCtlDelay</callee_name>
         <callee_addr>0x2818</callee_addr>
         <trampoline_object_component_ref idref="oc-289"/>
         <trampoline_address>0x272c</trampoline_address>
         <caller_list>
            <trampoline_call_site>
               <caller_address>0x2716</caller_address>
               <caller_object_component_ref idref="oc-c1-ccbff2d8"/>
            </trampoline_call_site>
         </caller_list>
      </far_call_trampoline>
   </far_call_trampoline_list>
   <trampoline_count>0xb</trampoline_count>
   <trampoline_call_count>0x1d</trampoline_call_count>
   <symbol_table>
      <symbol id="sm-1">
         <name>__STACK_TOP</name>
         <value>0x20000520</value>
      </symbol>
      <symbol id="sm-2">
         <name>__TI_CINIT_Base</name>
         <value>0x2858</value>
      </symbol>
      <symbol id="sm-3">
         <name>__TI_CINIT_Limit</name>
         <value>0x2868</value>
      </symbol>
      <symbol id="sm-4">
         <name>__TI_Handler_Table_Base</name>
         <value>0x2840</value>
      </symbol>
      <symbol id="sm-5">
         <name>__TI_Handler_Table_Limit</name>
         <value>0x284c</value>
      </symbol>
      <symbol id="sm-6">
         <name>binit</name>
         <value>0xffffffff</value>
      </symbol>
      <symbol id="sm-7">
         <name>__binit__</name>
         <value>0xffffffff</value>
      </symbol>
      <symbol id="sm-8">
         <name>__STACK_SIZE</name>
         <value>0x200</value>
      </symbol>
      <symbol id="sm-9">
         <name>__STACK_END</name>
         <value>0x20000520</value>
      </symbol>
      <symbol id="sm-a">
         <name>__c_args__</name>
         <value>0xffffffff</value>
      </symbol>
      <symbol id="sm-b">
         <name>__TI_pprof_out_hndl</name>
         <value>0xffffffff</value>
      </symbol>
      <symbol id="sm-c">
         <name>__TI_prof_data_start</name>
         <value>0xffffffff</value>
      </symbol>
      <symbol id="sm-d">
         <name>__TI_prof_data_size</name>
         <value>0xffffffff</value>
      </symbol>
      <symbol id="sm-fa">
         <name>Screen</name>
         <value>0x20000000</value>
      </symbol>
      <symbol id="sm-fb">
         <name>Nokia5110_BufferFullImage</name>
         <value>0xe69</value>
         <object_component_ref idref="oc-13e"/>
      </symbol>
      <symbol id="sm-fc">
         <name>Nokia5110_Cursor</name>
         <value>0x6a9</value>
         <object_component_ref idref="oc-13e"/>
      </symbol>
      <symbol id="sm-fd">
         <name>Nokia5110_SetCursor</name>
         <value>0x65d</value>
         <object_component_ref idref="oc-13e"/>
      </symbol>
      <symbol id="sm-fe">
         <name>Nokia5110_ClearBuffer</name>
         <value>0x9a5</value>
         <object_component_ref idref="oc-13e"/>
      </symbol>
      <symbol id="sm-ff">
         <name>Nokia5110_PrintBMP</name>
         <value>0x7c1</value>
         <object_component_ref idref="oc-13e"/>
      </symbol>
      <symbol id="sm-100">
         <name>Nokia5110_SetPxl</name>
         <value>0x9ff</value>
         <object_component_ref idref="oc-13e"/>
      </symbol>
      <symbol id="sm-101">
         <name>Nokia5110_DisplayBuffer</name>
         <value>0x9cf</value>
         <object_component_ref idref="oc-13e"/>
      </symbol>
      <symbol id="sm-102">
         <name>Nokia5110_OutSpecial</name>
         <value>0xd35</value>
         <object_component_ref idref="oc-13e"/>
      </symbol>
      <symbol id="sm-103">
         <name>Nokia5110_OutDec</name>
         <value>0xa99</value>
         <object_component_ref idref="oc-13e"/>
      </symbol>
      <symbol id="sm-104">
         <name>Nokia5110_Init</name>
         <value>0x2db</value>
         <object_component_ref idref="oc-13e"/>
      </symbol>
      <symbol id="sm-105">
         <name>Nokia5110_DrawFullImage</name>
         <value>0x719</value>
         <object_component_ref idref="oc-13e"/>
      </symbol>
      <symbol id="sm-106">
         <name>Nokia5110_OutString</name>
         <value>0x435</value>
         <object_component_ref idref="oc-13e"/>
      </symbol>
      <symbol id="sm-107">
         <name>Nokia5110_Padding</name>
         <value>0xe5f</value>
         <object_component_ref idref="oc-13e"/>
      </symbol>
      <symbol id="sm-108">
         <name>Nokia5110_DrawChar</name>
         <value>0xd7d</value>
         <object_component_ref idref="oc-13e"/>
      </symbol>
      <symbol id="sm-109">
         <name>Nokia5110_OutStringInv</name>
         <value>0xcf1</value>
         <object_component_ref idref="oc-13e"/>
      </symbol>
      <symbol id="sm-10a">
         <name>Nokia5110_OutUDec</name>
         <value>0x461</value>
         <object_component_ref idref="oc-13e"/>
      </symbol>
      <symbol id="sm-10b">
         <name>Nokia5110_DrawMix</name>
         <value>0xde7</value>
         <object_component_ref idref="oc-13e"/>
      </symbol>
      <symbol id="sm-10c">
         <name>PLL_Init</name>
         <value>0xa25</value>
         <object_component_ref idref="oc-13e"/>
      </symbol>
      <symbol id="sm-10d">
         <name>Nokia5110_OutChar</name>
         <value>0x3f5</value>
         <object_component_ref idref="oc-13e"/>
      </symbol>
      <symbol id="sm-10e">
         <name>Nokia5110_DrawSpecial</name>
         <value>0xdb5</value>
         <object_component_ref idref="oc-13e"/>
      </symbol>
      <symbol id="sm-10f">
         <name>Nokia5110_MyDrawing</name>
         <value>0x751</value>
         <object_component_ref idref="oc-13e"/>
      </symbol>
      <symbol id="sm-110">
         <name>Nokia5110_OutCharInv</name>
         <value>0xc5f</value>
         <object_component_ref idref="oc-13e"/>
      </symbol>
      <symbol id="sm-111">
         <name>Nokia5110_ClrPxl</name>
         <value>0x9d9</value>
         <object_component_ref idref="oc-13e"/>
      </symbol>
      <symbol id="sm-112">
         <name>Nokia5110_Clear</name>
         <value>0x6ed</value>
         <object_component_ref idref="oc-13e"/>
      </symbol>
      <symbol id="sm-113">
         <name>Masks</name>
         <value>0x24c5</value>
         <object_component_ref idref="oc-198"/>
      </symbol>
      <symbol id="sm-1c3">
         <name>run</name>
         <value>0x1299</value>
         <object_component_ref idref="oc-e4"/>
      </symbol>
      <symbol id="sm-1c4">
         <name>partida</name>
         <value>0xf31</value>
         <object_component_ref idref="oc-e4"/>
      </symbol>
      <symbol id="sm-1c5">
         <name>select</name>
         <value>0x1ee4</value>
         <object_component_ref idref="oc-14a"/>
      </symbol>
      <symbol id="sm-1c6">
         <name>machineMov</name>
         <value>0x12b7</value>
         <object_component_ref idref="oc-e4"/>
      </symbol>
      <symbol id="sm-1c7">
         <name>jogo_velha</name>
         <value>0x1cec</value>
         <object_component_ref idref="oc-147"/>
      </symbol>
      <symbol id="sm-1c8">
         <name>playerMov</name>
         <value>0x12a9</value>
         <object_component_ref idref="oc-e4"/>
      </symbol>
      <symbol id="sm-1c9">
         <name>tabuleiro</name>
         <value>0x20dc</value>
         <object_component_ref idref="oc-164"/>
      </symbol>
      <symbol id="sm-1ca">
         <name>botao1</name>
         <value>0x13a9</value>
         <object_component_ref idref="oc-e4"/>
      </symbol>
      <symbol id="sm-1cb">
         <name>botao2</name>
         <value>0x13e5</value>
         <object_component_ref idref="oc-e4"/>
      </symbol>
      <symbol id="sm-1cc">
         <name>setaPosicao</name>
         <value>0x12e5</value>
         <object_component_ref idref="oc-e4"/>
      </symbol>
      <symbol id="sm-1cd">
         <name>bem_vindo</name>
         <value>0x1af4</value>
         <object_component_ref idref="oc-144"/>
      </symbol>
      <symbol id="sm-1ce">
         <name>inicia</name>
         <value>0xea9</value>
         <object_component_ref idref="oc-e4"/>
      </symbol>
      <symbol id="sm-1cf">
         <name>win</name>
         <value>0x1435</value>
         <object_component_ref idref="oc-e4"/>
      </symbol>
      <symbol id="sm-1e5">
         <name>main</name>
         <value>0x17f5</value>
         <object_component_ref idref="oc-98"/>
      </symbol>
      <symbol id="sm-201">
         <name>ResetISR</name>
         <value>0x1a8d</value>
         <object_component_ref idref="oc-24"/>
      </symbol>
      <symbol id="sm-202">
         <name>g_pfnVectors</name>
         <value>0x0</value>
         <object_component_ref idref="oc-f"/>
      </symbol>
      <symbol id="sm-23b">
         <name>GPIODirModeSet</name>
         <value>0x2785</value>
         <object_component_ref idref="oc-135"/>
      </symbol>
      <symbol id="sm-23c">
         <name>GPIOIntEnable</name>
         <value>0x280d</value>
         <object_component_ref idref="oc-da"/>
      </symbol>
      <symbol id="sm-23d">
         <name>GPIOIntTypeSet</name>
         <value>0x2735</value>
         <object_component_ref idref="oc-d5"/>
      </symbol>
      <symbol id="sm-23e">
         <name>GPIOPadConfigSet</name>
         <value>0x24d3</value>
         <object_component_ref idref="oc-d0"/>
      </symbol>
      <symbol id="sm-23f">
         <name>GPIOPinRead</name>
         <value>0x281f</value>
         <object_component_ref idref="oc-159"/>
      </symbol>
      <symbol id="sm-240">
         <name>GPIOPinTypeGPIOInput</name>
         <value>0x27d5</value>
         <object_component_ref idref="oc-cb"/>
      </symbol>
      <symbol id="sm-241">
         <name>GPIOPinTypeGPIOOutput</name>
         <value>0x27f1</value>
         <object_component_ref idref="oc-df"/>
      </symbol>
      <symbol id="sm-242">
         <name>GPIOPinWrite</name>
         <value>0x2825</value>
         <object_component_ref idref="oc-167"/>
      </symbol>
      <symbol id="sm-26e">
         <name>SysCtlDelay</name>
         <value>0x2819</value>
         <object_component_ref idref="oc-12b"/>
      </symbol>
      <symbol id="sm-26f">
         <name>SysCtlClockSet</name>
         <value>0x260d</value>
         <object_component_ref idref="oc-c1"/>
      </symbol>
      <symbol id="sm-270">
         <name>SysCtlPeripheralEnable</name>
         <value>0x27ad</value>
         <object_component_ref idref="oc-c6"/>
      </symbol>
      <symbol id="sm-289">
         <name>__aeabi_memset</name>
         <value>0x177d</value>
         <object_component_ref idref="oc-8c"/>
      </symbol>
      <symbol id="sm-28a">
         <name>memset</name>
         <value>0x1783</value>
         <object_component_ref idref="oc-8c"/>
      </symbol>
      <symbol id="sm-28b">
         <name>__aeabi_memset8</name>
         <value>0x177d</value>
         <object_component_ref idref="oc-8c"/>
      </symbol>
      <symbol id="sm-28c">
         <name>__aeabi_memset4</name>
         <value>0x177d</value>
         <object_component_ref idref="oc-8c"/>
      </symbol>
      <symbol id="sm-28d">
         <name>__aeabi_memclr8</name>
         <value>0x177b</value>
         <object_component_ref idref="oc-8c"/>
      </symbol>
      <symbol id="sm-28e">
         <name>__aeabi_memclr4</name>
         <value>0x177b</value>
         <object_component_ref idref="oc-8c"/>
      </symbol>
      <symbol id="sm-28f">
         <name>__aeabi_memclr</name>
         <value>0x177b</value>
         <object_component_ref idref="oc-8c"/>
      </symbol>
      <symbol id="sm-2a3">
         <name>__TI_zero_init_nomemset</name>
         <value>0x1a55</value>
         <object_component_ref idref="oc-44"/>
      </symbol>
      <symbol id="sm-2ba">
         <name>__TI_decompress_none</name>
         <value>0x1a7f</value>
         <object_component_ref idref="oc-18"/>
      </symbol>
      <symbol id="sm-2dd">
         <name>__TI_decompress_lzss</name>
         <value>0x1869</value>
         <object_component_ref idref="oc-12"/>
      </symbol>
      <symbol id="sm-302">
         <name>rand</name>
         <value>0x19fd</value>
         <object_component_ref idref="oc-15e"/>
      </symbol>
      <symbol id="sm-303">
         <name>srand</name>
         <value>0x1a31</value>
         <object_component_ref idref="oc-153"/>
      </symbol>
      <symbol id="sm-31b">
         <name>__time32</name>
         <value>0x1a71</value>
         <object_component_ref idref="oc-14d"/>
      </symbol>
      <symbol id="sm-31c">
         <name>time</name>
         <value>0x1a71</value>
         <object_component_ref idref="oc-14d"/>
      </symbol>
      <symbol id="sm-32f">
         <name>__stack</name>
         <value>0x20000320</value>
         <object_component_ref idref="oc-21"/>
      </symbol>
      <symbol id="sm-330">
         <name>_c_int00_noargs</name>
         <value>0x19c9</value>
         <object_component_ref idref="oc-56"/>
      </symbol>
      <symbol id="sm-34b">
         <name>memcpy</name>
         <value>0x16df</value>
         <object_component_ref idref="oc-38"/>
      </symbol>
      <symbol id="sm-34c">
         <name>__aeabi_memcpy</name>
         <value>0x16df</value>
         <object_component_ref idref="oc-38"/>
      </symbol>
      <symbol id="sm-34d">
         <name>__aeabi_memcpy8</name>
         <value>0x16df</value>
         <object_component_ref idref="oc-38"/>
      </symbol>
      <symbol id="sm-34e">
         <name>__aeabi_memcpy4</name>
         <value>0x16df</value>
         <object_component_ref idref="oc-38"/>
      </symbol>
      <symbol id="sm-376">
         <name>__TI_auto_init_nobinit_nopinit</name>
         <value>0x1919</value>
         <object_component_ref idref="oc-f7"/>
      </symbol>
      <symbol id="sm-380">
         <name>_system_pre_init</name>
         <value>0x1a99</value>
         <object_component_ref idref="oc-92"/>
      </symbol>
      <symbol id="sm-38c">
         <name>C$$EXIT</name>
         <value>0x1a9d</value>
         <object_component_ref idref="oc-eb"/>
      </symbol>
      <symbol id="sm-38d">
         <name>abort</name>
         <value>0x1a9d</value>
         <object_component_ref idref="oc-eb"/>
      </symbol>
      <symbol id="sm-3a2">
         <name>_nop</name>
         <value>0x1aa1</value>
         <object_component_ref idref="oc-1d2"/>
      </symbol>
      <symbol id="sm-3a3">
         <name>_lock</name>
         <value>0x20000520</value>
         <object_component_ref idref="oc-172"/>
      </symbol>
      <symbol id="sm-3a4">
         <name>_unlock</name>
         <value>0x20000524</value>
         <object_component_ref idref="oc-172"/>
      </symbol>
      <symbol id="sm-3bd">
         <name>HOSTtime</name>
         <value>0x18d1</value>
         <object_component_ref idref="oc-1ad"/>
      </symbol>
      <symbol id="sm-3e1">
         <name>__TI_readmsg</name>
         <value>0x1995</value>
         <object_component_ref idref="oc-1ff"/>
      </symbol>
      <symbol id="sm-3e2">
         <name>C$$IO$$</name>
         <value>0x198b</value>
         <object_component_ref idref="oc-1f9"/>
      </symbol>
      <symbol id="sm-3e3">
         <name>__CIOBUF_</name>
         <value>0x200001f8</value>
         <object_component_ref idref="oc-228"/>
      </symbol>
      <symbol id="sm-3e4">
         <name>__TI_writemsg</name>
         <value>0x195d</value>
         <object_component_ref idref="oc-1f9"/>
      </symbol>
      <symbol id="sm-3ea">
         <name>parmbuf</name>
         <value>0x20000318</value>
      </symbol>
      <symbol id="sm-3ec">
         <name>__TI_static_base__</name>
         <value>0x0</value>
      </symbol>
      <symbol id="sm-3f1">
         <name>__mpu_init</name>
         <value>0x0</value>
      </symbol>
      <symbol id="sm-3f2">
         <name>_system_post_cinit</name>
         <value>0x0</value>
      </symbol>
   </symbol_table>
   <title>Link successful</title>
</link_info>
